     1 00000000                                 [FORMAT "WCOFF"]
     2 00000000                                 [INSTRSET "i486p"]
     3 00000000                                 [OPTIMIZE 1]
     4 00000000                                 [OPTION 1]
     5 00000000                                 [BITS 32]
     6 00000000                                 	EXTERN	_vsprintf
     7 00000000                                 	EXTERN	_api_putstr0
     8 00000000                                 	EXTERN	_api_initmalloc
     9 00000000                                 	EXTERN	_api_malloc
    10 00000000                                 	EXTERN	_api_openwin
    11 00000000                                 	EXTERN	_api_alloctimer
    12 00000000                                 	EXTERN	_api_inittimer
    13 00000000                                 	EXTERN	_sprintf
    14 00000000                                 	EXTERN	_api_boxfilwin
    15 00000000                                 	EXTERN	_api_putstrwin
    16 00000000                                 	EXTERN	_api_settimer
    17 00000000                                 	EXTERN	_api_getkey
    18 00000000                                 	EXTERN	_api_end
    19 00000000                                 [FILE "noodle.ca"]
    20                                          [SECTION .text]
    21 00000000                                 	GLOBAL	_printf
    22 00000000                                 _printf:
    23 00000000 55                              	PUSH	EBP
    24 00000001 89 E5                           	MOV	EBP,ESP
    25 00000003 56                              	PUSH	ESI
    26 00000004 53                              	PUSH	EBX
    27 00000005 81 EC 000003F0                  	SUB	ESP,1008
    28 0000000B 8D 45 0C                        	LEA	EAX,DWORD [12+EBP]
    29 0000000E 8D 9D FFFFFC08                  	LEA	EBX,DWORD [-1016+EBP]
    30 00000014 50                              	PUSH	EAX
    31 00000015 FF 75 08                        	PUSH	DWORD [8+EBP]
    32 00000018 53                              	PUSH	EBX
    33 00000019 E8 [00000000]                   	CALL	_vsprintf
    34 0000001E 53                              	PUSH	EBX
    35 0000001F 89 C6                           	MOV	ESI,EAX
    36 00000021 E8 [00000000]                   	CALL	_api_putstr0
    37 00000026 8D 65 F8                        	LEA	ESP,DWORD [-8+EBP]
    38 00000029 89 F0                           	MOV	EAX,ESI
    39 0000002B 5B                              	POP	EBX
    40 0000002C 5E                              	POP	ESI
    41 0000002D 5D                              	POP	EBP
    42 0000002E C3                              	RET
    43                                          [SECTION .data]
    44 00000000                                 LC0:
    45 00000000 6E 6F 6F 64 6C 65 00            	DB	"noodle",0x00
    46 00000007                                 LC1:
    47 00000007 25 35 64 3A 25 30 32 64 3A 25   	DB	"%5d:%02d:%02d",0x00
       00000011 30 32 64 00 
    48                                          [SECTION .text]
    49 0000002F                                 	GLOBAL	_CHNMain
    50 0000002F                                 _CHNMain:
    51 0000002F 55                              	PUSH	EBP
    52 00000030 89 E5                           	MOV	EBP,ESP
    53 00000032 57                              	PUSH	EDI
    54 00000033 56                              	PUSH	ESI
    55 00000034 31 FF                           	XOR	EDI,EDI
    56 00000036 53                              	PUSH	EBX
    57 00000037 31 F6                           	XOR	ESI,ESI
    58 00000039 83 EC 1C                        	SUB	ESP,28
    59 0000003C C7 45 D8 00000000               	MOV	DWORD [-40+EBP],0
    60 00000043 E8 [00000000]                   	CALL	_api_initmalloc
    61 00000048 68 00001D4C                     	PUSH	7500
    62 0000004D E8 [00000000]                   	CALL	_api_malloc
    63 00000052 68 [00000000]                   	PUSH	LC0
    64 00000057 6A FF                           	PUSH	-1
    65 00000059 6A 32                           	PUSH	50
    66 0000005B 68 00000096                     	PUSH	150
    67 00000060 50                              	PUSH	EAX
    68 00000061 E8 [00000000]                   	CALL	_api_openwin
    69 00000066 89 45 E0                        	MOV	DWORD [-32+EBP],EAX
    70 00000069 E8 [00000000]                   	CALL	_api_alloctimer
    71 0000006E 68 00000080                     	PUSH	128
    72 00000073 50                              	PUSH	EAX
    73 00000074 89 45 DC                        	MOV	DWORD [-36+EBP],EAX
    74 00000077 E8 [00000000]                   	CALL	_api_inittimer
    75 0000007C 83 C4 20                        	ADD	ESP,32
    76 0000007F                                 L3:
    77 0000007F 57                              	PUSH	EDI
    78 00000080 8D 5D E4                        	LEA	EBX,DWORD [-28+EBP]
    79 00000083 56                              	PUSH	ESI
    80 00000084 FF 75 D8                        	PUSH	DWORD [-40+EBP]
    81 00000087 68 [00000007]                   	PUSH	LC1
    82 0000008C 53                              	PUSH	EBX
    83 0000008D E8 [00000000]                   	CALL	_sprintf
    84 00000092 6A 07                           	PUSH	7
    85 00000094 6A 29                           	PUSH	41
    86 00000096 6A 73                           	PUSH	115
    87 00000098 6A 1B                           	PUSH	27
    88 0000009A 6A 1C                           	PUSH	28
    89 0000009C FF 75 E0                        	PUSH	DWORD [-32+EBP]
    90 0000009F E8 [00000000]                   	CALL	_api_boxfilwin
    91 000000A4 83 C4 2C                        	ADD	ESP,44
    92 000000A7 53                              	PUSH	EBX
    93 000000A8 6A 0B                           	PUSH	11
    94 000000AA 6A 00                           	PUSH	0
    95 000000AC 6A 1B                           	PUSH	27
    96 000000AE 6A 1C                           	PUSH	28
    97 000000B0 FF 75 E0                        	PUSH	DWORD [-32+EBP]
    98 000000B3 E8 [00000000]                   	CALL	_api_putstrwin
    99 000000B8 6A 64                           	PUSH	100
   100 000000BA FF 75 DC                        	PUSH	DWORD [-36+EBP]
   101 000000BD E8 [00000000]                   	CALL	_api_settimer
   102 000000C2 83 C4 20                        	ADD	ESP,32
   103 000000C5 6A 01                           	PUSH	1
   104 000000C7 E8 [00000000]                   	CALL	_api_getkey
   105 000000CC 5A                              	POP	EDX
   106 000000CD 83 C0 80                        	ADD	EAX,-128
   107 000000D0 75 15                           	JNE	L4
   108 000000D2 47                              	INC	EDI
   109 000000D3 83 FF 3C                        	CMP	EDI,60
   110 000000D6 75 A7                           	JNE	L3
   111 000000D8 46                              	INC	ESI
   112 000000D9 31 FF                           	XOR	EDI,EDI
   113 000000DB 83 FE 3C                        	CMP	ESI,60
   114 000000DE 75 9F                           	JNE	L3
   115 000000E0 31 F6                           	XOR	ESI,ESI
   116 000000E2 FF 45 D8                        	INC	DWORD [-40+EBP]
   117 000000E5 EB 98                           	JMP	L3
   118 000000E7                                 L4:
   119 000000E7 E8 [00000000]                   	CALL	_api_end
   120 000000EC 8D 65 F4                        	LEA	ESP,DWORD [-12+EBP]
   121 000000EF 5B                              	POP	EBX
   122 000000F0 5E                              	POP	ESI
   123 000000F1 5F                              	POP	EDI
   124 000000F2 5D                              	POP	EBP
   125 000000F3 C3                              	RET
