     1 00000000                                 [FORMAT "WCOFF"]
     2 00000000                                 [INSTRSET "i486p"]
     3 00000000                                 [OPTIMIZE 1]
     4 00000000                                 [OPTION 1]
     5 00000000                                 [BITS 32]
     6 00000000                                 	EXTERN	_vsprintf
     7 00000000                                 	EXTERN	_api_putstr0
     8 00000000                                 	EXTERN	_api_alloctimer
     9 00000000                                 	EXTERN	_api_inittimer
    10 00000000                                 	EXTERN	_api_beep
    11 00000000                                 	EXTERN	_api_settimer
    12 00000000                                 	EXTERN	_api_getkey
    13 00000000                                 	EXTERN	_api_end
    14 00000000                                 [FILE "beepdown.ca"]
    15                                          [SECTION .text]
    16 00000000                                 	GLOBAL	_printf
    17 00000000                                 _printf:
    18 00000000 55                              	PUSH	EBP
    19 00000001 89 E5                           	MOV	EBP,ESP
    20 00000003 56                              	PUSH	ESI
    21 00000004 53                              	PUSH	EBX
    22 00000005 81 EC 000003F0                  	SUB	ESP,1008
    23 0000000B 8D 45 0C                        	LEA	EAX,DWORD [12+EBP]
    24 0000000E 8D 9D FFFFFC08                  	LEA	EBX,DWORD [-1016+EBP]
    25 00000014 50                              	PUSH	EAX
    26 00000015 FF 75 08                        	PUSH	DWORD [8+EBP]
    27 00000018 53                              	PUSH	EBX
    28 00000019 E8 [00000000]                   	CALL	_vsprintf
    29 0000001E 53                              	PUSH	EBX
    30 0000001F 89 C6                           	MOV	ESI,EAX
    31 00000021 E8 [00000000]                   	CALL	_api_putstr0
    32 00000026 8D 65 F8                        	LEA	ESP,DWORD [-8+EBP]
    33 00000029 89 F0                           	MOV	EAX,ESI
    34 0000002B 5B                              	POP	EBX
    35 0000002C 5E                              	POP	ESI
    36 0000002D 5D                              	POP	EBP
    37 0000002E C3                              	RET
    38 0000002F                                 	GLOBAL	_CHNMain
    39 0000002F                                 _CHNMain:
    40 0000002F 55                              	PUSH	EBP
    41 00000030 89 E5                           	MOV	EBP,ESP
    42 00000032 57                              	PUSH	EDI
    43 00000033 56                              	PUSH	ESI
    44 00000034 53                              	PUSH	EBX
    45 00000035 BB 01312D00                     	MOV	EBX,20000000
    46 0000003A E8 [00000000]                   	CALL	_api_alloctimer
    47 0000003F 68 00000080                     	PUSH	128
    48 00000044 89 C6                           	MOV	ESI,EAX
    49 00000046 50                              	PUSH	EAX
    50 00000047 E8 [00000000]                   	CALL	_api_inittimer
    51 0000004C 5A                              	POP	EDX
    52 0000004D 59                              	POP	ECX
    53 0000004E                                 L8:
    54 0000004E 53                              	PUSH	EBX
    55 0000004F E8 [00000000]                   	CALL	_api_beep
    56 00000054 6A 01                           	PUSH	1
    57 00000056 56                              	PUSH	ESI
    58 00000057 E8 [00000000]                   	CALL	_api_settimer
    59 0000005C 6A 01                           	PUSH	1
    60 0000005E E8 [00000000]                   	CALL	_api_getkey
    61 00000063 83 C4 10                        	ADD	ESP,16
    62 00000066 83 C0 80                        	ADD	EAX,-128
    63 00000069 75 16                           	JNE	L4
    64 0000006B 89 D8                           	MOV	EAX,EBX
    65 0000006D BA 00000064                     	MOV	EDX,100
    66 00000072 89 D7                           	MOV	EDI,EDX
    67 00000074 99                              	CDQ
    68 00000075 F7 FF                           	IDIV	EDI
    69 00000077 29 C3                           	SUB	EBX,EAX
    70 00000079 81 FB 00004E1F                  	CMP	EBX,19999
    71 0000007F 7F CD                           	JG	L8
    72 00000081                                 L4:
    73 00000081 6A 00                           	PUSH	0
    74 00000083 E8 [00000000]                   	CALL	_api_beep
    75 00000088 58                              	POP	EAX
    76 00000089 8D 65 F4                        	LEA	ESP,DWORD [-12+EBP]
    77 0000008C 5B                              	POP	EBX
    78 0000008D 5E                              	POP	ESI
    79 0000008E 5F                              	POP	EDI
    80 0000008F 5D                              	POP	EBP
    81 00000090 E9 [00000000]                   	JMP	_api_end
