     1 00000000                                 [FORMAT "WCOFF"]
     2 00000000                                 [INSTRSET "i486p"]
     3 00000000                                 [OPTIMIZE 1]
     4 00000000                                 [OPTION 1]
     5 00000000                                 [BITS 32]
     6 00000000                                 	EXTERN	_vsprintf
     7 00000000                                 	EXTERN	_api_putstr0
     8 00000000                                 	EXTERN	__alloca
     9 00000000                                 	EXTERN	_api_openwin
    10 00000000                                 	EXTERN	_api_boxfilwin
    11 00000000                                 	EXTERN	_api_getkey
    12 00000000                                 	EXTERN	_api_end
    13 00000000                                 	EXTERN	_api_linewin
    14 00000000                                 [FILE "bball.ca"]
    15                                          [SECTION .text]
    16 00000000                                 	GLOBAL	_printf
    17 00000000                                 _printf:
    18 00000000 55                              	PUSH	EBP
    19 00000001 89 E5                           	MOV	EBP,ESP
    20 00000003 56                              	PUSH	ESI
    21 00000004 53                              	PUSH	EBX
    22 00000005 81 EC 000003F0                  	SUB	ESP,1008
    23 0000000B 8D 45 0C                        	LEA	EAX,DWORD [12+EBP]
    24 0000000E 8D 9D FFFFFC08                  	LEA	EBX,DWORD [-1016+EBP]
    25 00000014 50                              	PUSH	EAX
    26 00000015 FF 75 08                        	PUSH	DWORD [8+EBP]
    27 00000018 53                              	PUSH	EBX
    28 00000019 E8 [00000000]                   	CALL	_vsprintf
    29 0000001E 53                              	PUSH	EBX
    30 0000001F 89 C6                           	MOV	ESI,EAX
    31 00000021 E8 [00000000]                   	CALL	_api_putstr0
    32 00000026 8D 65 F8                        	LEA	ESP,DWORD [-8+EBP]
    33 00000029 89 F0                           	MOV	EAX,ESI
    34 0000002B 5B                              	POP	EBX
    35 0000002C 5E                              	POP	ESI
    36 0000002D 5D                              	POP	EBP
    37 0000002E C3                              	RET
    38                                          [SECTION .data]
    39 00000000                                 _table.0:
    40 00000000 000000CC                        	DD	204
    41 00000004 00000081                        	DD	129
    42 00000008 000000C3                        	DD	195
    43 0000000C 0000005A                        	DD	90
    44 00000010 000000AC                        	DD	172
    45 00000014 0000003A                        	DD	58
    46 00000018 00000089                        	DD	137
    47 0000001C 00000026                        	DD	38
    48 00000020 00000062                        	DD	98
    49 00000024 00000022                        	DD	34
    50 00000028 0000003D                        	DD	61
    51 0000002C 0000002E                        	DD	46
    52 00000030 0000001F                        	DD	31
    53 00000034 00000049                        	DD	73
    54 00000038 0000000F                        	DD	15
    55 0000003C 0000006E                        	DD	110
    56 00000040 0000000F                        	DD	15
    57 00000044 00000094                        	DD	148
    58 00000048 0000001F                        	DD	31
    59 0000004C 000000B9                        	DD	185
    60 00000050 0000003D                        	DD	61
    61 00000054 000000D4                        	DD	212
    62 00000058 00000062                        	DD	98
    63 0000005C 000000E0                        	DD	224
    64 00000060 00000089                        	DD	137
    65 00000064 000000DC                        	DD	220
    66 00000068 000000AC                        	DD	172
    67 0000006C 000000C8                        	DD	200
    68 00000070 000000C3                        	DD	195
    69 00000074 000000A8                        	DD	168
    70 00000078 000000CC                        	DD	204
    71 0000007C 00000081                        	DD	129
    72 00000080                                 LC0:
    73 00000080 62 62 61 6C 6C 00               	DB	"bball",0x00
    74                                          [SECTION .text]
    75 0000002F                                 	GLOBAL	_CHNMain
    76 0000002F                                 _CHNMain:
    77 0000002F 55                              	PUSH	EBP
    78 00000030 B8 0000C800                     	MOV	EAX,51200
    79 00000035 89 E5                           	MOV	EBP,ESP
    80 00000037 57                              	PUSH	EDI
    81 00000038 56                              	PUSH	ESI
    82 00000039 31 F6                           	XOR	ESI,ESI
    83 0000003B 53                              	PUSH	EBX
    84 0000003C E8 [00000000]                   	CALL	__alloca
    85 00000041 8D 85 FFFF37F4                  	LEA	EAX,DWORD [-51212+EBP]
    86 00000047 68 [00000080]                   	PUSH	LC0
    87 0000004C 6A FF                           	PUSH	-1
    88 0000004E 68 000000ED                     	PUSH	237
    89 00000053 68 000000D8                     	PUSH	216
    90 00000058 50                              	PUSH	EAX
    91 00000059 E8 [00000000]                   	CALL	_api_openwin
    92 0000005E 6A 00                           	PUSH	0
    93 00000060 68 000000E4                     	PUSH	228
    94 00000065 89 C7                           	MOV	EDI,EAX
    95 00000067 68 000000CF                     	PUSH	207
    96 0000006C 6A 1D                           	PUSH	29
    97 0000006E 6A 08                           	PUSH	8
    98 00000070 50                              	PUSH	EAX
    99 00000071 E8 [00000000]                   	CALL	_api_boxfilwin
   100 00000076 83 C4 2C                        	ADD	ESP,44
   101 00000079                                 L14:
   102 00000079 8D 5E 01                        	LEA	EBX,DWORD [1+ESI]
   103 0000007C 83 FB 0F                        	CMP	EBX,15
   104 0000007F 7F 1C                           	JG	L21
   105 00000081                                 L13:
   106 00000081 89 DA                           	MOV	EDX,EBX
   107 00000083 29 F2                           	SUB	EDX,ESI
   108 00000085 83 FA 07                        	CMP	EDX,7
   109 00000088 7E 09                           	JLE	L11
   110 0000008A B8 0000000F                     	MOV	EAX,15
   111 0000008F 29 D0                           	SUB	EAX,EDX
   112 00000091 89 C2                           	MOV	EDX,EAX
   113 00000093                                 L11:
   114 00000093 85 D2                           	TEST	EDX,EDX
   115 00000095 75 26                           	JNE	L22
   116 00000097                                 L9:
   117 00000097 43                              	INC	EBX
   118 00000098 83 FB 0F                        	CMP	EBX,15
   119 0000009B 7E E4                           	JLE	L13
   120 0000009D                                 L21:
   121 0000009D 46                              	INC	ESI
   122 0000009E 83 FE 0E                        	CMP	ESI,14
   123 000000A1 7E D6                           	JLE	L14
   124 000000A3                                 L15:
   125 000000A3 6A 01                           	PUSH	1
   126 000000A5 E8 [00000000]                   	CALL	_api_getkey
   127 000000AA 5A                              	POP	EDX
   128 000000AB 83 F8 0A                        	CMP	EAX,10
   129 000000AE 75 F3                           	JNE	L15
   130 000000B0 E8 [00000000]                   	CALL	_api_end
   131 000000B5 8D 65 F4                        	LEA	ESP,DWORD [-12+EBP]
   132 000000B8 5B                              	POP	EBX
   133 000000B9 5E                              	POP	ESI
   134 000000BA 5F                              	POP	EDI
   135 000000BB 5D                              	POP	EBP
   136 000000BC C3                              	RET
   137 000000BD                                 L22:
   138 000000BD B8 00000008                     	MOV	EAX,8
   139 000000C2 29 D0                           	SUB	EAX,EDX
   140 000000C4 50                              	PUSH	EAX
   141 000000C5 B8 [00000000]                   	MOV	EAX,_table.0
   142 000000CA FF 74 D8 04                     	PUSH	DWORD [4+EAX+EBX*8]
   143 000000CE FF 34 D8                        	PUSH	DWORD [EAX+EBX*8]
   144 000000D1 FF 74 F0 04                     	PUSH	DWORD [4+EAX+ESI*8]
   145 000000D5 FF 34 F0                        	PUSH	DWORD [EAX+ESI*8]
   146 000000D8 57                              	PUSH	EDI
   147 000000D9 E8 [00000000]                   	CALL	_api_linewin
   148 000000DE 83 C4 18                        	ADD	ESP,24
   149 000000E1 EB B4                           	JMP	L9
